Archive member included to satisfy reference by file (symbol)

/home/matthieu/esp8266/ESP8266_RTOS_SDK/examples/peripherals/ESP8266-EPAPER-Lib/build/bootloader/main/libmain.a(bootloader_start.o)
                              (call_start_cpu)
/home/matthieu/esp8266/ESP8266_RTOS_SDK/examples/peripherals/ESP8266-EPAPER-Lib/build/bootloader/bootloader_support/libbootloader_support.a(bootloader_init.o)
                              /home/matthieu/esp8266/ESP8266_RTOS_SDK/examples/peripherals/ESP8266-EPAPER-Lib/build/bootloader/main/libmain.a(bootloader_start.o) (bootloader_init)
/home/matthieu/esp8266/ESP8266_RTOS_SDK/examples/peripherals/ESP8266-EPAPER-Lib/build/bootloader/bootloader_support/libbootloader_support.a(bootloader_utility.o)
                              /home/matthieu/esp8266/ESP8266_RTOS_SDK/examples/peripherals/ESP8266-EPAPER-Lib/build/bootloader/main/libmain.a(bootloader_start.o) (bootloader_utility_load_partition_table)
/home/matthieu/esp8266/ESP8266_RTOS_SDK/examples/peripherals/ESP8266-EPAPER-Lib/build/bootloader/bootloader_support/libbootloader_support.a(bootloader_common.o)
                              /home/matthieu/esp8266/ESP8266_RTOS_SDK/examples/peripherals/ESP8266-EPAPER-Lib/build/bootloader/bootloader_support/libbootloader_support.a(bootloader_utility.o) (bootloader_common_ota_select_valid)
/home/matthieu/esp8266/ESP8266_RTOS_SDK/examples/peripherals/ESP8266-EPAPER-Lib/build/bootloader/bootloader_support/libbootloader_support.a(flash_partitions.o)
                              /home/matthieu/esp8266/ESP8266_RTOS_SDK/examples/peripherals/ESP8266-EPAPER-Lib/build/bootloader/bootloader_support/libbootloader_support.a(bootloader_utility.o) (esp_partition_table_basic_verify)
/home/matthieu/esp8266/ESP8266_RTOS_SDK/examples/peripherals/ESP8266-EPAPER-Lib/build/bootloader/bootloader_support/libbootloader_support.a(esp_image_format.o)
                              /home/matthieu/esp8266/ESP8266_RTOS_SDK/examples/peripherals/ESP8266-EPAPER-Lib/build/bootloader/bootloader_support/libbootloader_support.a(bootloader_utility.o) (esp_image_load)
/home/matthieu/esp8266/ESP8266_RTOS_SDK/examples/peripherals/ESP8266-EPAPER-Lib/build/bootloader/bootloader_support/libbootloader_support.a(bootloader_flash.o)
                              /home/matthieu/esp8266/ESP8266_RTOS_SDK/examples/peripherals/ESP8266-EPAPER-Lib/build/bootloader/bootloader_support/libbootloader_support.a(bootloader_utility.o) (bootloader_mmap)
/home/matthieu/esp8266/ESP8266_RTOS_SDK/examples/peripherals/ESP8266-EPAPER-Lib/build/bootloader/spi_flash/libspi_flash.a(spi_flash.o)
                              /home/matthieu/esp8266/ESP8266_RTOS_SDK/examples/peripherals/ESP8266-EPAPER-Lib/build/bootloader/bootloader_support/libbootloader_support.a(flash_partitions.o) (g_rom_flashchip)
/home/matthieu/esp8266/ESP8266_RTOS_SDK/examples/peripherals/ESP8266-EPAPER-Lib/build/bootloader/spi_flash/libspi_flash.a(spi_flash_raw.o)
                              /home/matthieu/esp8266/ESP8266_RTOS_SDK/examples/peripherals/ESP8266-EPAPER-Lib/build/bootloader/spi_flash/libspi_flash.a(spi_flash.o) (spi_flash_get_id_raw)
/home/matthieu/esp8266/ESP8266_RTOS_SDK/examples/peripherals/ESP8266-EPAPER-Lib/build/bootloader/log/liblog.a(log.o)
                              /home/matthieu/esp8266/ESP8266_RTOS_SDK/examples/peripherals/ESP8266-EPAPER-Lib/build/bootloader/bootloader_support/libbootloader_support.a(bootloader_common.o) (esp_log_early_timestamp)
/home/matthieu/esp8266/ESP8266_RTOS_SDK/examples/peripherals/ESP8266-EPAPER-Lib/build/bootloader/esp8266/libesp8266.a(ets_printf.o)
                              /home/matthieu/esp8266/ESP8266_RTOS_SDK/examples/peripherals/ESP8266-EPAPER-Lib/build/bootloader/log/liblog.a(log.o) (ets_vprintf)
/home/matthieu/esp8266/ESP8266_RTOS_SDK/examples/peripherals/ESP8266-EPAPER-Lib/build/bootloader/esp8266/libesp8266.a(crc.o)
                              /home/matthieu/esp8266/ESP8266_RTOS_SDK/examples/peripherals/ESP8266-EPAPER-Lib/build/bootloader/bootloader_support/libbootloader_support.a(bootloader_common.o) (crc32_le)
/home/matthieu/esp8266/ESP8266_RTOS_SDK/examples/peripherals/ESP8266-EPAPER-Lib/build/bootloader/esp8266/libesp8266.a(esp_fast_boot.o)
                              /home/matthieu/esp8266/ESP8266_RTOS_SDK/examples/peripherals/ESP8266-EPAPER-Lib/build/bootloader/bootloader_support/libbootloader_support.a(bootloader_utility.o) (esp_fast_boot_get_info)
/home/matthieu/esp8266/ESP8266_RTOS_SDK/components/esp8266/lib/libcore.a(phy.o)
                              /home/matthieu/esp8266/ESP8266_RTOS_SDK/examples/peripherals/ESP8266-EPAPER-Lib/build/bootloader/bootloader_support/libbootloader_support.a(bootloader_init.o) (phy_reg_default)

Allocating common symbols
Common symbol       size              file

esp_image_spi_freq_t
                    0x4               /home/matthieu/esp8266/ESP8266_RTOS_SDK/examples/peripherals/ESP8266-EPAPER-Lib/build/bootloader/main/libmain.a(bootloader_start.o)

[...]
Memory Configuration

Name             Origin             Length             Attributes
dport0_seg       0x000000003ff00000 0x0000000000000010
dram_seg         0x000000003ffe8000 0x0000000000017c00
iram_seg         0x0000000040100000 0x0000000000008000
*default*        0x0000000000000000 0xffffffffffffffff

Linker script and memory map

START GROUP
LOAD /home/matthieu/esp8266/ESP8266_RTOS_SDK/examples/peripherals/ESP8266-EPAPER-Lib/build/bootloader/main/libmain.a
LOAD /home/matthieu/esp8266/ESP8266_RTOS_SDK/components/esp8266/lib/libcore.a
LOAD /home/matthieu/esp8266/ESP8266_RTOS_SDK/examples/peripherals/ESP8266-EPAPER-Lib/build/bootloader/bootloader_support/libbootloader_support.a
LOAD /home/matthieu/esp8266/ESP8266_RTOS_SDK/examples/peripherals/ESP8266-EPAPER-Lib/build/bootloader/spi_flash/libspi_flash.a
LOAD /home/matthieu/esp8266/ESP8266_RTOS_SDK/examples/peripherals/ESP8266-EPAPER-Lib/build/bootloader/log/liblog.a
LOAD /home/matthieu/esp8266/ESP8266_RTOS_SDK/examples/peripherals/ESP8266-EPAPER-Lib/build/bootloader/esp8266/libesp8266.a
LOAD /home/matthieu/esp8266/ESP8266_RTOS_SDK/components/esp8266/lib/libgcc.a
LOAD /home/matthieu/.espressif/tools/xtensa-lx106-elf/esp-2020r3-49-gd5524c1-8.4.0/xtensa-lx106-elf/bin/../lib/gcc/xtensa-lx106-elf/8.4.0/../../../../xtensa-lx106-elf/lib/libstdc++.a
LOAD /home/matthieu/.espressif/tools/xtensa-lx106-elf/esp-2020r3-49-gd5524c1-8.4.0/xtensa-lx106-elf/bin/../lib/gcc/xtensa-lx106-elf/8.4.0/libgcov.a
END GROUP

.text           0x0000000040100000     0x1b75
                0x0000000040100000                _stext = .
                0x0000000040100000                _text_start = ABSOLUTE (.)
                0x0000000040100000                . = ALIGN (0x10)
 *(.entry.text)
 *(.init.literal)
 *(.init)
 *(.literal .text .literal.* .text.* .stub .gnu.warning .gnu.linkonce.literal.* .gnu.linkonce.t.*.literal .gnu.linkonce.t.*)
 .literal.selected_boot_partition
                0x0000000040100000        0x0 /home/matthieu/esp8266/ESP8266_RTOS_SDK/examples/peripherals/ESP8266-EPAPER-Lib/build/bootloader/main/libmain.a(bootloader_start.o)
                                          0x4 (size before relaxing)
 .literal.select_image
                0x0000000040100000        0xc /home/matthieu/esp8266/ESP8266_RTOS_SDK/examples/peripherals/ESP8266-EPAPER-Lib/build/bootloader/main/libmain.a(bootloader_start.o)
                                         0x1c (size before relaxing)
 .literal.call_start_cpu
                0x000000004010000c        0x0 /home/matthieu/esp8266/ESP8266_RTOS_SDK/examples/peripherals/ESP8266-EPAPER-Lib/build/bootloader/main/libmain.a(bootloader_start.o)
                                          0xc (size before relaxing)
 .literal.print_flash_info
                0x000000004010000c       0x48 /home/matthieu/esp8266/ESP8266_RTOS_SDK/examples/peripherals/ESP8266-EPAPER-Lib/build/bootloader/bootloader_support/libbootloader_support.a(bootloader_init.o)
                                         0x54 (size before relaxing)
 .literal.update_flash_config
                0x0000000040100054        0x4 /home/matthieu/esp8266/ESP8266_RTOS_SDK/examples/peripherals/ESP8266-EPAPER-Lib/build/bootloader/bootloader_support/libbootloader_support.a(bootloader_init.o)
                                          0x8 (size before relaxing)
 .literal.bootloader_main
                0x0000000040100058       0x10 /home/matthieu/esp8266/ESP8266_RTOS_SDK/examples/peripherals/ESP8266-EPAPER-Lib/build/bootloader/bootloader_support/libbootloader_support.a(bootloader_init.o)
                                         0x30 (size before relaxing)
 .literal.bootloader_init
                0x0000000040100068        0x8 /home/matthieu/esp8266/ESP8266_RTOS_SDK/examples/peripherals/ESP8266-EPAPER-Lib/build/bootloader/bootloader_support/libbootloader_support.a(bootloader_init.o)
                                         0x10 (size before relaxing)
 .literal.bootloader_utility_start_image
                0x0000000040100070        0x0 /home/matthieu/esp8266/ESP8266_RTOS_SDK/examples/peripherals/ESP8266-EPAPER-Lib/build/bootloader/bootloader_support/libbootloader_support.a(bootloader_utility.o)
                                          0x4 (size before relaxing)
 .literal.log_invalid_app_partition
                0x0000000040100070       0x14 /home/matthieu/esp8266/ESP8266_RTOS_SDK/examples/peripherals/ESP8266-EPAPER-Lib/build/bootloader/bootloader_support/libbootloader_support.a(bootloader_utility.o)
                                         0x20 (size before relaxing)
 .literal.try_load_partition
                0x0000000040100084        0x4 /home/matthieu/esp8266/ESP8266_RTOS_SDK/examples/peripherals/ESP8266-EPAPER-Lib/build/bootloader/bootloader_support/libbootloader_support.a(bootloader_utility.o)
                                         0x10 (size before relaxing)
 .literal.bootloader_utility_load_partition_table
                0x0000000040100088       0x4c /home/matthieu/esp8266/ESP8266_RTOS_SDK/examples/peripherals/ESP8266-EPAPER-Lib/build/bootloader/bootloader_support/libbootloader_support.a(bootloader_utility.o)
                                         0x74 (size before relaxing)
 .literal.bootloader_utility_get_selected_boot_partition
                0x00000000401000d4       0x1c /home/matthieu/esp8266/ESP8266_RTOS_SDK/examples/peripherals/ESP8266-EPAPER-Lib/build/bootloader/bootloader_support/libbootloader_support.a(bootloader_utility.o)
                                         0x5c (size before relaxing)
 .literal.bootloader_utility_load_boot_image
                0x00000000401000f0        0xc /home/matthieu/esp8266/ESP8266_RTOS_SDK/examples/peripherals/ESP8266-EPAPER-Lib/build/bootloader/bootloader_support/libbootloader_support.a(bootloader_utility.o)
                                         0x40 (size before relaxing)
 .literal.bootloader_utility_load_image
                0x00000000401000fc        0x0 /home/matthieu/esp8266/ESP8266_RTOS_SDK/examples/peripherals/ESP8266-EPAPER-Lib/build/bootloader/bootloader_support/libbootloader_support.a(bootloader_utility.o)
                                          0x4 (size before relaxing)
 .literal.bootloader_common_ota_select_crc
                0x00000000401000fc        0x0 /home/matthieu/esp8266/ESP8266_RTOS_SDK/examples/peripherals/ESP8266-EPAPER-Lib/build/bootloader/bootloader_support/libbootloader_support.a(bootloader_common.o)
                                          0x4 (size before relaxing)
 .literal.bootloader_common_ota_select_valid
                0x00000000401000fc        0x0 /home/matthieu/esp8266/ESP8266_RTOS_SDK/examples/peripherals/ESP8266-EPAPER-Lib/build/bootloader/bootloader_support/libbootloader_support.a(bootloader_common.o)
                                          0x4 (size before relaxing)
 .literal.esp_partition_table_basic_verify
                0x00000000401000fc       0x1c /home/matthieu/esp8266/ESP8266_RTOS_SDK/examples/peripherals/ESP8266-EPAPER-Lib/build/bootloader/bootloader_support/libbootloader_support.a(flash_partitions.o)
                                         0x2c (size before relaxing)
 .literal.should_map
                0x0000000040100118        0x8 /home/matthieu/esp8266/ESP8266_RTOS_SDK/examples/peripherals/ESP8266-EPAPER-Lib/build/bootloader/bootloader_support/libbootloader_support.a(esp_image_format.o)
 .literal.should_load
                0x0000000040100120        0x0 /home/matthieu/esp8266/ESP8266_RTOS_SDK/examples/peripherals/ESP8266-EPAPER-Lib/build/bootloader/bootloader_support/libbootloader_support.a(esp_image_format.o)
                                          0x4 (size before relaxing)
 .literal.verify_image_header
                0x0000000040100120       0x14 /home/matthieu/esp8266/ESP8266_RTOS_SDK/examples/peripherals/ESP8266-EPAPER-Lib/build/bootloader/bootloader_support/libbootloader_support.a(esp_image_format.o)
                                         0x20 (size before relaxing)
 .literal.process_segment_data
                0x0000000040100134        0x8 /home/matthieu/esp8266/ESP8266_RTOS_SDK/examples/peripherals/ESP8266-EPAPER-Lib/build/bootloader/bootloader_support/libbootloader_support.a(esp_image_format.o)
                                         0x14 (size before relaxing)
 .literal.verify_checksum
                0x000000004010013c        0x8 /home/matthieu/esp8266/ESP8266_RTOS_SDK/examples/peripherals/ESP8266-EPAPER-Lib/build/bootloader/bootloader_support/libbootloader_support.a(esp_image_format.o)
                                         0x1c (size before relaxing)
 .literal.process_segment
                0x0000000040100144       0x18 /home/matthieu/esp8266/ESP8266_RTOS_SDK/examples/peripherals/ESP8266-EPAPER-Lib/build/bootloader/bootloader_support/libbootloader_support.a(esp_image_format.o)
                                         0x40 (size before relaxing)
 .literal.esp_image_load
                0x000000004010015c       0x14 /home/matthieu/esp8266/ESP8266_RTOS_SDK/examples/peripherals/ESP8266-EPAPER-Lib/build/bootloader/bootloader_support/libbootloader_support.a(esp_image_format.o)
                                         0x44 (size before relaxing)
 .literal.bootloader_flash_read_no_decrypt
                0x0000000040100170        0x4 /home/matthieu/esp8266/ESP8266_RTOS_SDK/examples/peripherals/ESP8266-EPAPER-Lib/build/bootloader/bootloader_support/libbootloader_support.a(bootloader_flash.o)
 .literal.bootloader_mmap
                0x0000000040100174       0x30 /home/matthieu/esp8266/ESP8266_RTOS_SDK/examples/peripherals/ESP8266-EPAPER-Lib/build/bootloader/bootloader_support/libbootloader_support.a(bootloader_flash.o)
                                         0x3c (size before relaxing)
 .literal.bootloader_munmap
                0x00000000401001a4        0x0 /home/matthieu/esp8266/ESP8266_RTOS_SDK/examples/peripherals/ESP8266-EPAPER-Lib/build/bootloader/bootloader_support/libbootloader_support.a(bootloader_flash.o)
                                          0x8 (size before relaxing)
 .literal.bootloader_flash_read
                0x00000000401001a4        0xc /home/matthieu/esp8266/ESP8266_RTOS_SDK/examples/peripherals/ESP8266-EPAPER-Lib/build/bootloader/bootloader_support/libbootloader_support.a(bootloader_flash.o)
                                         0x20 (size before relaxing)
 .literal.spi_user_cmd
                0x00000000401001b0        0x4 /home/matthieu/esp8266/ESP8266_RTOS_SDK/examples/peripherals/ESP8266-EPAPER-Lib/build/bootloader/spi_flash/libspi_flash.a(spi_flash.o)
                                          0xc (size before relaxing)
 .literal.special_flash_read_status
                0x00000000401001b4        0x0 /home/matthieu/esp8266/ESP8266_RTOS_SDK/examples/peripherals/ESP8266-EPAPER-Lib/build/bootloader/spi_flash/libspi_flash.a(spi_flash.o)
                                          0x4 (size before relaxing)
 .literal.flash_gd25q32c_read_status
                0x00000000401001b4        0x0 /home/matthieu/esp8266/ESP8266_RTOS_SDK/examples/peripherals/ESP8266-EPAPER-Lib/build/bootloader/spi_flash/libspi_flash.a(spi_flash.o)
                                          0x4 (size before relaxing)
 .literal.special_flash_write_status
                0x00000000401001b4        0x0 /home/matthieu/esp8266/ESP8266_RTOS_SDK/examples/peripherals/ESP8266-EPAPER-Lib/build/bootloader/spi_flash/libspi_flash.a(spi_flash.o)
                                          0x8 (size before relaxing)
 .literal.spi_flash_enable_qio_bit6
                0x00000000401001b4        0x0 /home/matthieu/esp8266/ESP8266_RTOS_SDK/examples/peripherals/ESP8266-EPAPER-Lib/build/bootloader/spi_flash/libspi_flash.a(spi_flash.o)
                                          0x4 (size before relaxing)
 .literal.flash_gd25q32c_write_status
                0x00000000401001b4        0x0 /home/matthieu/esp8266/ESP8266_RTOS_SDK/examples/peripherals/ESP8266-EPAPER-Lib/build/bootloader/spi_flash/libspi_flash.a(spi_flash.o)
                                          0x4 (size before relaxing)
 .literal.flash_gd25q32c_enable_QIO_mode
                0x00000000401001b4        0x0 /home/matthieu/esp8266/ESP8266_RTOS_SDK/examples/peripherals/ESP8266-EPAPER-Lib/build/bootloader/spi_flash/libspi_flash.a(spi_flash.o)
                                          0xc (size before relaxing)
 .literal.en25q16x_read_sfdp
                0x00000000401001b4        0x4 /home/matthieu/esp8266/ESP8266_RTOS_SDK/examples/peripherals/ESP8266-EPAPER-Lib/build/bootloader/spi_flash/libspi_flash.a(spi_flash.o)
                                          0x8 (size before relaxing)
 .literal.spi_flash_get_id
                0x00000000401001b8        0x0 /home/matthieu/esp8266/ESP8266_RTOS_SDK/examples/peripherals/ESP8266-EPAPER-Lib/build/bootloader/spi_flash/libspi_flash.a(spi_flash.o)
                                          0xc (size before relaxing)
 .literal.spi_flash_read_status
                0x00000000401001b8        0x0 /home/matthieu/esp8266/ESP8266_RTOS_SDK/examples/peripherals/ESP8266-EPAPER-Lib/build/bootloader/spi_flash/libspi_flash.a(spi_flash.o)
                                          0xc (size before relaxing)
 .literal.spi_flash_issi_enable_QIO_mode
                0x00000000401001b8        0x0 /home/matthieu/esp8266/ESP8266_RTOS_SDK/examples/peripherals/ESP8266-EPAPER-Lib/build/bootloader/spi_flash/libspi_flash.a(spi_flash.o)
                                          0xc (size before relaxing)
 .literal.special_flash_set_mode
                0x00000000401001b8        0x0 /home/matthieu/esp8266/ESP8266_RTOS_SDK/examples/peripherals/ESP8266-EPAPER-Lib/build/bootloader/spi_flash/libspi_flash.a(spi_flash.o)
                                          0x8 (size before relaxing)
 .literal.en25q16x_write_volatile_status
                0x00000000401001b8        0x0 /home/matthieu/esp8266/ESP8266_RTOS_SDK/examples/peripherals/ESP8266-EPAPER-Lib/build/bootloader/spi_flash/libspi_flash.a(spi_flash.o)
                                         0x14 (size before relaxing)
 .literal.user_spi_flash_dio_to_qio_pre_init
                0x00000000401001b8        0xc /home/matthieu/esp8266/ESP8266_RTOS_SDK/examples/peripherals/ESP8266-EPAPER-Lib/build/bootloader/spi_flash/libspi_flash.a(spi_flash.o)
                                         0x30 (size before relaxing)
 .literal.esp_spi_flash_init
                0x00000000401001c4       0x20 /home/matthieu/esp8266/ESP8266_RTOS_SDK/examples/peripherals/ESP8266-EPAPER-Lib/build/bootloader/spi_flash/libspi_flash.a(spi_flash.o)
                                         0x28 (size before relaxing)
 .literal.Cache_Read_Disable_2
                0x00000000401001e4        0xc /home/matthieu/esp8266/ESP8266_RTOS_SDK/examples/peripherals/ESP8266-EPAPER-Lib/build/bootloader/spi_flash/libspi_flash.a(spi_flash_raw.o)
                                         0x10 (size before relaxing)
 .literal.Cache_Read_Enable_2
                0x00000000401001f0        0x4 /home/matthieu/esp8266/ESP8266_RTOS_SDK/examples/peripherals/ESP8266-EPAPER-Lib/build/bootloader/spi_flash/libspi_flash.a(spi_flash_raw.o)
                                          0xc (size before relaxing)
 .literal.spi_flash_get_id_raw
                0x00000000401001f4       0x10 /home/matthieu/esp8266/ESP8266_RTOS_SDK/examples/peripherals/ESP8266-EPAPER-Lib/build/bootloader/spi_flash/libspi_flash.a(spi_flash_raw.o)
                                         0x1c (size before relaxing)
 .literal.spi_flash_read_status_raw
                0x0000000040100204        0x4 /home/matthieu/esp8266/ESP8266_RTOS_SDK/examples/peripherals/ESP8266-EPAPER-Lib/build/bootloader/spi_flash/libspi_flash.a(spi_flash_raw.o)
                                          0xc (size before relaxing)
 .literal.spi_flash_enable_qmode_raw
                0x0000000040100208        0x4 /home/matthieu/esp8266/ESP8266_RTOS_SDK/examples/peripherals/ESP8266-EPAPER-Lib/build/bootloader/spi_flash/libspi_flash.a(spi_flash_raw.o)
                                         0x10 (size before relaxing)
 .literal.spi_user_cmd_raw
                0x000000004010020c       0x64 /home/matthieu/esp8266/ESP8266_RTOS_SDK/examples/peripherals/ESP8266-EPAPER-Lib/build/bootloader/spi_flash/libspi_flash.a(spi_flash_raw.o)
                                         0x8c (size before relaxing)
 .literal.spi_flash_switch_to_qio_raw
                0x0000000040100270        0x8 /home/matthieu/esp8266/ESP8266_RTOS_SDK/examples/peripherals/ESP8266-EPAPER-Lib/build/bootloader/spi_flash/libspi_flash.a(spi_flash_raw.o)
                                          0xc (size before relaxing)
 .literal.uart_putc
                0x0000000040100278        0x8 /home/matthieu/esp8266/ESP8266_RTOS_SDK/examples/peripherals/ESP8266-EPAPER-Lib/build/bootloader/esp8266/libesp8266.a(ets_printf.o)
 .literal.ets_putc
                0x0000000040100280        0x0 /home/matthieu/esp8266/ESP8266_RTOS_SDK/examples/peripherals/ESP8266-EPAPER-Lib/build/bootloader/esp8266/libesp8266.a(ets_printf.o)
                                          0x8 (size before relaxing)
 .literal.ets_vprintf
                0x0000000040100280        0x8 /home/matthieu/esp8266/ESP8266_RTOS_SDK/examples/peripherals/ESP8266-EPAPER-Lib/build/bootloader/esp8266/libesp8266.a(ets_printf.o)
 .literal.crc32_le
                0x0000000040100288        0x4 /home/matthieu/esp8266/ESP8266_RTOS_SDK/examples/peripherals/ESP8266-EPAPER-Lib/build/bootloader/esp8266/libesp8266.a(crc.o)
 .iram1.0.literal
                0x000000004010028c        0x8 /home/matthieu/esp8266/ESP8266_RTOS_SDK/examples/peripherals/ESP8266-EPAPER-Lib/build/bootloader/log/liblog.a(log.o)
 .iram1.1.literal
                0x0000000040100294       0x18 /home/matthieu/esp8266/ESP8266_RTOS_SDK/examples/peripherals/ESP8266-EPAPER-Lib/build/bootloader/log/liblog.a(log.o)
                                         0x30 (size before relaxing)
 .iram1.0.literal
                0x00000000401002ac        0x0 /home/matthieu/esp8266/ESP8266_RTOS_SDK/examples/peripherals/ESP8266-EPAPER-Lib/build/bootloader/esp8266/libesp8266.a(ets_printf.o)
                                          0x8 (size before relaxing)
 .text.selected_boot_partition
                0x00000000401002ac        0xf /home/matthieu/esp8266/ESP8266_RTOS_SDK/examples/peripherals/ESP8266-EPAPER-Lib/build/bootloader/main/libmain.a(bootloader_start.o)
                                         0x13 (size before relaxing)
 *fill*         0x00000000401002bb        0x1 
 .text.select_image
                0x00000000401002bc       0x68 /home/matthieu/esp8266/ESP8266_RTOS_SDK/examples/peripherals/ESP8266-EPAPER-Lib/build/bootloader/main/libmain.a(bootloader_start.o)
                                         0x70 (size before relaxing)
 .text.call_start_cpu
                0x0000000040100324       0x26 /home/matthieu/esp8266/ESP8266_RTOS_SDK/examples/peripherals/ESP8266-EPAPER-Lib/build/bootloader/main/libmain.a(bootloader_start.o)
                                         0x2e (size before relaxing)
                0x0000000040100324                call_start_cpu
 *fill*         0x000000004010034a        0x2 
 .text.print_flash_info
                0x000000004010034c       0xc7 /home/matthieu/esp8266/ESP8266_RTOS_SDK/examples/peripherals/ESP8266-EPAPER-Lib/build/bootloader/bootloader_support/libbootloader_support.a(bootloader_init.o)
                                         0xcb (size before relaxing)
 *fill*         0x0000000040100413        0x1 
 .text.update_flash_config
                0x0000000040100414       0x21 /home/matthieu/esp8266/ESP8266_RTOS_SDK/examples/peripherals/ESP8266-EPAPER-Lib/build/bootloader/bootloader_support/libbootloader_support.a(bootloader_init.o)
 *fill*         0x0000000040100435        0x3 
 .text.bootloader_main
                0x0000000040100438       0x61 /home/matthieu/esp8266/ESP8266_RTOS_SDK/examples/peripherals/ESP8266-EPAPER-Lib/build/bootloader/bootloader_support/libbootloader_support.a(bootloader_init.o)
                                         0x75 (size before relaxing)
 *fill*         0x0000000040100499        0x3 
 .text.bootloader_init
                0x000000004010049c       0x25 /home/matthieu/esp8266/ESP8266_RTOS_SDK/examples/peripherals/ESP8266-EPAPER-Lib/build/bootloader/bootloader_support/libbootloader_support.a(bootloader_init.o)
                                         0x29 (size before relaxing)
                0x000000004010049c                bootloader_init
 *fill*         0x00000000401004c1        0x3 
 .text.bootloader_utility_start_image
                0x00000000401004c4       0x20 /home/matthieu/esp8266/ESP8266_RTOS_SDK/examples/peripherals/ESP8266-EPAPER-Lib/build/bootloader/bootloader_support/libbootloader_support.a(bootloader_utility.o)
                                         0x24 (size before relaxing)
 .text.log_invalid_app_partition
                0x00000000401004e4       0x4b /home/matthieu/esp8266/ESP8266_RTOS_SDK/examples/peripherals/ESP8266-EPAPER-Lib/build/bootloader/bootloader_support/libbootloader_support.a(bootloader_utility.o)
                                         0x53 (size before relaxing)
 *fill*         0x000000004010052f        0x1 
 .text.try_load_partition
                0x0000000040100530       0x3d /home/matthieu/esp8266/ESP8266_RTOS_SDK/examples/peripherals/ESP8266-EPAPER-Lib/build/bootloader/bootloader_support/libbootloader_support.a(bootloader_utility.o)
                                         0x41 (size before relaxing)
 *fill*         0x000000004010056d        0x3 
 .text.bootloader_utility_load_partition_table
                0x0000000040100570      0x170 /home/matthieu/esp8266/ESP8266_RTOS_SDK/examples/peripherals/ESP8266-EPAPER-Lib/build/bootloader/bootloader_support/libbootloader_support.a(bootloader_utility.o)
                                        0x184 (size before relaxing)
                0x0000000040100570                bootloader_utility_load_partition_table
 .text.bootloader_utility_get_selected_boot_partition
                0x00000000401006e0      0x13c /home/matthieu/esp8266/ESP8266_RTOS_SDK/examples/peripherals/ESP8266-EPAPER-Lib/build/bootloader/bootloader_support/libbootloader_support.a(bootloader_utility.o)
                                        0x14c (size before relaxing)
                0x00000000401006e0                bootloader_utility_get_selected_boot_partition
 .text.bootloader_utility_load_boot_image
                0x000000004010081c       0xd6 /home/matthieu/esp8266/ESP8266_RTOS_SDK/examples/peripherals/ESP8266-EPAPER-Lib/build/bootloader/bootloader_support/libbootloader_support.a(bootloader_utility.o)
                                         0xfa (size before relaxing)
                0x000000004010081c                bootloader_utility_load_boot_image
 *fill*         0x00000000401008f2        0x2 
 .text.bootloader_utility_load_image
                0x00000000401008f4       0x19 /home/matthieu/esp8266/ESP8266_RTOS_SDK/examples/peripherals/ESP8266-EPAPER-Lib/build/bootloader/bootloader_support/libbootloader_support.a(bootloader_utility.o)
                0x00000000401008f4                bootloader_utility_load_image
 *fill*         0x000000004010090d        0x3 
 .text.bootloader_common_ota_select_crc
                0x0000000040100910       0x18 /home/matthieu/esp8266/ESP8266_RTOS_SDK/examples/peripherals/ESP8266-EPAPER-Lib/build/bootloader/bootloader_support/libbootloader_support.a(bootloader_common.o)
                0x0000000040100910                bootloader_common_ota_select_crc
 .text.bootloader_common_ota_select_valid
                0x0000000040100928       0x2c /home/matthieu/esp8266/ESP8266_RTOS_SDK/examples/peripherals/ESP8266-EPAPER-Lib/build/bootloader/bootloader_support/libbootloader_support.a(bootloader_common.o)
                0x0000000040100928                bootloader_common_ota_select_valid
 .text.esp_partition_table_basic_verify
                0x0000000040100954       0xd7 /home/matthieu/esp8266/ESP8266_RTOS_SDK/examples/peripherals/ESP8266-EPAPER-Lib/build/bootloader/bootloader_support/libbootloader_support.a(flash_partitions.o)
                0x0000000040100954                esp_partition_table_basic_verify
 *fill*         0x0000000040100a2b        0x1 
 .text.should_map
                0x0000000040100a2c       0x15 /home/matthieu/esp8266/ESP8266_RTOS_SDK/examples/peripherals/ESP8266-EPAPER-Lib/build/bootloader/bootloader_support/libbootloader_support.a(esp_image_format.o)
 *fill*         0x0000000040100a41        0x3 
 .text.should_load
                0x0000000040100a44       0x19 /home/matthieu/esp8266/ESP8266_RTOS_SDK/examples/peripherals/ESP8266-EPAPER-Lib/build/bootloader/bootloader_support/libbootloader_support.a(esp_image_format.o)
                                         0x1d (size before relaxing)
 *fill*         0x0000000040100a5d        0x3 
 .text.verify_image_header
                0x0000000040100a60       0x7d /home/matthieu/esp8266/ESP8266_RTOS_SDK/examples/peripherals/ESP8266-EPAPER-Lib/build/bootloader/bootloader_support/libbootloader_support.a(esp_image_format.o)
                                         0x85 (size before relaxing)
 *fill*         0x0000000040100add        0x3 
 .text.process_segment_data
                0x0000000040100ae0       0x89 /home/matthieu/esp8266/ESP8266_RTOS_SDK/examples/peripherals/ESP8266-EPAPER-Lib/build/bootloader/bootloader_support/libbootloader_support.a(esp_image_format.o)
                                         0x91 (size before relaxing)
 *fill*         0x0000000040100b69        0x3 
 .text.verify_checksum
                0x0000000040100b6c       0x9c /home/matthieu/esp8266/ESP8266_RTOS_SDK/examples/peripherals/ESP8266-EPAPER-Lib/build/bootloader/bootloader_support/libbootloader_support.a(esp_image_format.o)
                                         0xa0 (size before relaxing)
 .text.process_segment
                0x0000000040100c08      0x10b /home/matthieu/esp8266/ESP8266_RTOS_SDK/examples/peripherals/ESP8266-EPAPER-Lib/build/bootloader/bootloader_support/libbootloader_support.a(esp_image_format.o)
                                        0x117 (size before relaxing)
 *fill*         0x0000000040100d13        0x1 
 .text.esp_image_load
                0x0000000040100d14      0x18d /home/matthieu/esp8266/ESP8266_RTOS_SDK/examples/peripherals/ESP8266-EPAPER-Lib/build/bootloader/bootloader_support/libbootloader_support.a(esp_image_format.o)
                                        0x1a5 (size before relaxing)
                0x0000000040100d14                esp_image_load
 *fill*         0x0000000040100ea1        0x3 
 .text.bootloader_flash_read_no_decrypt
                0x0000000040100ea4       0x15 /home/matthieu/esp8266/ESP8266_RTOS_SDK/examples/peripherals/ESP8266-EPAPER-Lib/build/bootloader/bootloader_support/libbootloader_support.a(bootloader_flash.o)
 *fill*         0x0000000040100eb9        0x3 
 .text.bootloader_mmap
                0x0000000040100ebc       0xa6 /home/matthieu/esp8266/ESP8266_RTOS_SDK/examples/peripherals/ESP8266-EPAPER-Lib/build/bootloader/bootloader_support/libbootloader_support.a(bootloader_flash.o)
                                         0xaa (size before relaxing)
                0x0000000040100ebc                bootloader_mmap
 *fill*         0x0000000040100f62        0x2 
 .text.bootloader_munmap
                0x0000000040100f64       0x23 /home/matthieu/esp8266/ESP8266_RTOS_SDK/examples/peripherals/ESP8266-EPAPER-Lib/build/bootloader/bootloader_support/libbootloader_support.a(bootloader_flash.o)
                0x0000000040100f64                bootloader_munmap
 *fill*         0x0000000040100f87        0x1 
 .text.bootloader_flash_read
                0x0000000040100f88       0x60 /home/matthieu/esp8266/ESP8266_RTOS_SDK/examples/peripherals/ESP8266-EPAPER-Lib/build/bootloader/bootloader_support/libbootloader_support.a(bootloader_flash.o)
                                         0x63 (size before relaxing)
                0x0000000040100f88                bootloader_flash_read
 *fill*         0x0000000040100fe8        0x0 
 .text.spi_user_cmd
                0x0000000040100fe8       0x4d /home/matthieu/esp8266/ESP8266_RTOS_SDK/examples/peripherals/ESP8266-EPAPER-Lib/build/bootloader/spi_flash/libspi_flash.a(spi_flash.o)
                0x0000000040100fe8                spi_user_cmd
 *fill*         0x0000000040101035        0x3 
 .text.special_flash_read_status
                0x0000000040101038       0x39 /home/matthieu/esp8266/ESP8266_RTOS_SDK/examples/peripherals/ESP8266-EPAPER-Lib/build/bootloader/spi_flash/libspi_flash.a(spi_flash.o)
                                         0x3d (size before relaxing)
                0x0000000040101038                special_flash_read_status
 *fill*         0x0000000040101071        0x3 
 .text.flash_gd25q32c_read_status
                0x0000000040101074       0x33 /home/matthieu/esp8266/ESP8266_RTOS_SDK/examples/peripherals/ESP8266-EPAPER-Lib/build/bootloader/spi_flash/libspi_flash.a(spi_flash.o)
 *fill*         0x00000000401010a7        0x1 
 .text.special_flash_write_status
                0x00000000401010a8       0x5c /home/matthieu/esp8266/ESP8266_RTOS_SDK/examples/peripherals/ESP8266-EPAPER-Lib/build/bootloader/spi_flash/libspi_flash.a(spi_flash.o)
                                         0x60 (size before relaxing)
                0x00000000401010a8                special_flash_write_status
 .text.spi_flash_enable_qio_bit6
                0x0000000040101104       0x17 /home/matthieu/esp8266/ESP8266_RTOS_SDK/examples/peripherals/ESP8266-EPAPER-Lib/build/bootloader/spi_flash/libspi_flash.a(spi_flash.o)
                                         0x1b (size before relaxing)
 *fill*         0x000000004010111b        0x1 
 .text.flash_gd25q32c_write_status
                0x000000004010111c       0x30 /home/matthieu/esp8266/ESP8266_RTOS_SDK/examples/peripherals/ESP8266-EPAPER-Lib/build/bootloader/spi_flash/libspi_flash.a(spi_flash.o)
 .text.flash_gd25q32c_enable_QIO_mode
                0x000000004010114c       0x3e /home/matthieu/esp8266/ESP8266_RTOS_SDK/examples/peripherals/ESP8266-EPAPER-Lib/build/bootloader/spi_flash/libspi_flash.a(spi_flash.o)
                                         0x46 (size before relaxing)
 *fill*         0x000000004010118a        0x2 
 .text.en25q16x_read_sfdp
                0x000000004010118c       0x43 /home/matthieu/esp8266/ESP8266_RTOS_SDK/examples/peripherals/ESP8266-EPAPER-Lib/build/bootloader/spi_flash/libspi_flash.a(spi_flash.o)
                0x000000004010118c                en25q16x_read_sfdp
 *fill*         0x00000000401011cf        0x1 
 .text.spi_flash_get_id
                0x00000000401011d0       0x26 /home/matthieu/esp8266/ESP8266_RTOS_SDK/examples/peripherals/ESP8266-EPAPER-Lib/build/bootloader/spi_flash/libspi_flash.a(spi_flash.o)
                0x00000000401011d0                spi_flash_get_id
 *fill*         0x00000000401011f6        0x2 
 .text.spi_flash_read_status
                0x00000000401011f8       0x28 /home/matthieu/esp8266/ESP8266_RTOS_SDK/examples/peripherals/ESP8266-EPAPER-Lib/build/bootloader/spi_flash/libspi_flash.a(spi_flash.o)
                0x00000000401011f8                spi_flash_read_status
 .text.spi_flash_issi_enable_QIO_mode
                0x0000000040101220       0x43 /home/matthieu/esp8266/ESP8266_RTOS_SDK/examples/peripherals/ESP8266-EPAPER-Lib/build/bootloader/spi_flash/libspi_flash.a(spi_flash.o)
                                         0x4b (size before relaxing)
 *fill*         0x0000000040101263        0x1 
 .text.special_flash_set_mode
                0x0000000040101264       0x41 /home/matthieu/esp8266/ESP8266_RTOS_SDK/examples/peripherals/ESP8266-EPAPER-Lib/build/bootloader/spi_flash/libspi_flash.a(spi_flash.o)
                                         0x45 (size before relaxing)
                0x0000000040101264                special_flash_set_mode
 *fill*         0x00000000401012a5        0x3 
 .text.en25q16x_write_volatile_status
                0x00000000401012a8       0x4f /home/matthieu/esp8266/ESP8266_RTOS_SDK/examples/peripherals/ESP8266-EPAPER-Lib/build/bootloader/spi_flash/libspi_flash.a(spi_flash.o)
                                         0x5b (size before relaxing)
                0x00000000401012a8                en25q16x_write_volatile_status
 *fill*         0x00000000401012f7        0x1 
 .text.user_spi_flash_dio_to_qio_pre_init
                0x00000000401012f8       0x95 /home/matthieu/esp8266/ESP8266_RTOS_SDK/examples/peripherals/ESP8266-EPAPER-Lib/build/bootloader/spi_flash/libspi_flash.a(spi_flash.o)
                                         0xa1 (size before relaxing)
                0x00000000401012f8                user_spi_flash_dio_to_qio_pre_init
 *fill*         0x000000004010138d        0x3 
 .text.esp_spi_flash_init
                0x0000000040101390       0xb9 /home/matthieu/esp8266/ESP8266_RTOS_SDK/examples/peripherals/ESP8266-EPAPER-Lib/build/bootloader/spi_flash/libspi_flash.a(spi_flash.o)
                                         0xc1 (size before relaxing)
                0x0000000040101390                esp_spi_flash_init
 *fill*         0x0000000040101449        0x3 
 .text.Cache_Read_Disable_2
                0x000000004010144c       0x34 /home/matthieu/esp8266/ESP8266_RTOS_SDK/examples/peripherals/ESP8266-EPAPER-Lib/build/bootloader/spi_flash/libspi_flash.a(spi_flash_raw.o)
                0x000000004010144c                Cache_Read_Disable_2
 .text.Cache_Read_Enable_2
                0x0000000040101480       0x28 /home/matthieu/esp8266/ESP8266_RTOS_SDK/examples/peripherals/ESP8266-EPAPER-Lib/build/bootloader/spi_flash/libspi_flash.a(spi_flash_raw.o)
                0x0000000040101480                Cache_Read_Enable_New
                0x0000000040101480                Cache_Read_Enable_2
 .text.spi_flash_get_id_raw
                0x00000000401014a8       0x57 /home/matthieu/esp8266/ESP8266_RTOS_SDK/examples/peripherals/ESP8266-EPAPER-Lib/build/bootloader/spi_flash/libspi_flash.a(spi_flash_raw.o)
                0x00000000401014a8                spi_flash_get_id_raw
 *fill*         0x00000000401014ff        0x1 
 .text.spi_flash_read_status_raw
                0x0000000040101500       0x2f /home/matthieu/esp8266/ESP8266_RTOS_SDK/examples/peripherals/ESP8266-EPAPER-Lib/build/bootloader/spi_flash/libspi_flash.a(spi_flash_raw.o)
                                         0x33 (size before relaxing)
                0x0000000040101500                spi_flash_read_status_raw
 *fill*         0x000000004010152f        0x1 
 .text.spi_flash_enable_qmode_raw
                0x0000000040101530       0x33 /home/matthieu/esp8266/ESP8266_RTOS_SDK/examples/peripherals/ESP8266-EPAPER-Lib/build/bootloader/spi_flash/libspi_flash.a(spi_flash_raw.o)
                                         0x37 (size before relaxing)
                0x0000000040101530                spi_flash_enable_qmode_raw
 *fill*         0x0000000040101563        0x1 
 .text.spi_user_cmd_raw
                0x0000000040101564      0x3df /home/matthieu/esp8266/ESP8266_RTOS_SDK/examples/peripherals/ESP8266-EPAPER-Lib/build/bootloader/spi_flash/libspi_flash.a(spi_flash_raw.o)
                0x0000000040101564                spi_user_cmd_raw
 *fill*         0x0000000040101943        0x1 
 .text.spi_flash_switch_to_qio_raw
                0x0000000040101944       0x25 /home/matthieu/esp8266/ESP8266_RTOS_SDK/examples/peripherals/ESP8266-EPAPER-Lib/build/bootloader/spi_flash/libspi_flash.a(spi_flash_raw.o)
                0x0000000040101944                spi_flash_switch_to_qio_raw
 *fill*         0x0000000040101969        0x3 
 .text.uart_putc
                0x000000004010196c       0x1b /home/matthieu/esp8266/ESP8266_RTOS_SDK/examples/peripherals/ESP8266-EPAPER-Lib/build/bootloader/esp8266/libesp8266.a(ets_printf.o)
 *fill*         0x0000000040101987        0x1 
 .text.ets_putc
                0x0000000040101988       0x27 /home/matthieu/esp8266/ESP8266_RTOS_SDK/examples/peripherals/ESP8266-EPAPER-Lib/build/bootloader/esp8266/libesp8266.a(ets_printf.o)
                0x0000000040101988                ets_putc
 *fill*         0x00000000401019af        0x1 
 .text.ets_vprintf
                0x00000000401019b0       0x1f /home/matthieu/esp8266/ESP8266_RTOS_SDK/examples/peripherals/ESP8266-EPAPER-Lib/build/bootloader/esp8266/libesp8266.a(ets_printf.o)
                0x00000000401019b0                ets_vprintf
 *fill*         0x00000000401019cf        0x1 
 .text.crc32_le
                0x00000000401019d0       0x31 /home/matthieu/esp8266/ESP8266_RTOS_SDK/examples/peripherals/ESP8266-EPAPER-Lib/build/bootloader/esp8266/libesp8266.a(crc.o)
                0x00000000401019d0                crc32_le
 *fill*         0x0000000040101a01        0x3 
 .text.phy_reg_default
                0x0000000040101a04       0x36 /home/matthieu/esp8266/ESP8266_RTOS_SDK/components/esp8266/lib/libcore.a(phy.o)
                0x0000000040101a14                phy_reg_default
 *fill*         0x0000000040101a3a        0x0 
 *fill*         0x0000000040101a3a        0x0 
 *fill*         0x0000000040101a3a        0x0 
 *fill*         0x0000000040101a3a        0x0 
 *fill*         0x0000000040101a3a        0x0 
 *fill*         0x0000000040101a3a        0x2 
 .text.index_to_partition
                0x0000000040101a3c       0x4d /home/matthieu/esp8266/ESP8266_RTOS_SDK/examples/peripherals/ESP8266-EPAPER-Lib/build/bootloader/bootloader_support/libbootloader_support.a(bootloader_utility.o)
 *fill*         0x0000000040101a89        0x0 
 *fill*         0x0000000040101a89        0x0 
 *fill*         0x0000000040101a89        0x0 
 *fill*         0x0000000040101a89        0x0 
 *fill*         0x0000000040101a89        0x0 
 *fill*         0x0000000040101a89        0x3 
 .text.verify_segment_header
                0x0000000040101a8c        0x4 /home/matthieu/esp8266/ESP8266_RTOS_SDK/examples/peripherals/ESP8266-EPAPER-Lib/build/bootloader/bootloader_support/libbootloader_support.a(esp_image_format.o)
 *fill*         0x0000000040101a90        0x0 
 *fill*         0x0000000040101a90        0x0 
 *fill*         0x0000000040101a90        0x0 
 *fill*         0x0000000040101a90        0x0 
 *fill*         0x0000000040101a90        0x0 
 *fill*         0x0000000040101a90        0x0 
 *fill*         0x0000000040101a90        0x0 
 *fill*         0x0000000040101a90        0x0 
 *fill*         0x0000000040101a90        0x0 
 *fill*         0x0000000040101a90        0x0 
 *fill*         0x0000000040101a90        0x0 
 *fill*         0x0000000040101a90        0x0 
 *fill*         0x0000000040101a90        0x0 
 *fill*         0x0000000040101a90        0x0 
 *fill*         0x0000000040101a90        0x0 
 *fill*         0x0000000040101a90        0x0 
 *fill*         0x0000000040101a90        0x0 
 *fill*         0x0000000040101a90        0x0 
 *fill*         0x0000000040101a90        0x0 
 *fill*         0x0000000040101a90        0x0 
 *fill*         0x0000000040101a90        0x0 
 *fill*         0x0000000040101a90        0x0 
 *fill*         0x0000000040101a90        0x0 
 *fill*         0x0000000040101a90        0x0 
 *fill*         0x0000000040101a90        0x0 
 *fill*         0x0000000040101a90        0x0 
 *fill*         0x0000000040101a90        0x0 
 *fill*         0x0000000040101a90        0x0 
 *fill*         0x0000000040101a90        0x0 
 *fill*         0x0000000040101a90        0x0 
 *fill*         0x0000000040101a90        0x0 
 *(.iram1 .iram1.*)
 .iram1.0       0x0000000040101a90       0x18 /home/matthieu/esp8266/ESP8266_RTOS_SDK/examples/peripherals/ESP8266-EPAPER-Lib/build/bootloader/log/liblog.a(log.o)
                0x0000000040101a90                esp_log_early_timestamp
 .iram1.1       0x0000000040101aa8       0x96 /home/matthieu/esp8266/ESP8266_RTOS_SDK/examples/peripherals/ESP8266-EPAPER-Lib/build/bootloader/log/liblog.a(log.o)
                                         0xa1 (size before relaxing)
                0x0000000040101aa8                esp_early_log_write
 *fill*         0x0000000040101b3e        0x2 
 .iram1.0       0x0000000040101b40       0x35 /home/matthieu/esp8266/ESP8266_RTOS_SDK/examples/peripherals/ESP8266-EPAPER-Lib/build/bootloader/esp8266/libesp8266.a(ets_printf.o)
                                         0x39 (size before relaxing)
                0x0000000040101b40                ets_printf
 *fill*         0x0000000040101b75        0x0 
 *fill*         0x0000000040101b75        0x0 
 *(.fini.literal)
 *(.fini)
 *(.gnu.version)
                0x0000000040101b75                _text_end = ABSOLUTE (.)
                0x0000000040101b75                _etext = .

.bss            0x000000003ffe8000      0x408
                0x000000003ffe8000                . = ALIGN (0x8)
                0x000000003ffe8000                _bss_start = ABSOLUTE (.)
 *(.dynsbss)
 *(.sbss)
 *(.sbss.*)
 *(.gnu.linkonce.sb.*)
 *(.scommon)
 *(.sbss2)
 *(.sbss2.*)
 *(.gnu.linkonce.sb2.*)
 *(.dynbss)
 *(.bss)
 *(.bss.*)
 .bss.pbuf$3623
                0x000000003ffe8000      0x400 /home/matthieu/esp8266/ESP8266_RTOS_SDK/examples/peripherals/ESP8266-EPAPER-Lib/build/bootloader/bootloader_support/libbootloader_support.a(esp_image_format.o)
 .bss.mapped    0x000000003ffe8400        0x1 /home/matthieu/esp8266/ESP8266_RTOS_SDK/examples/peripherals/ESP8266-EPAPER-Lib/build/bootloader/bootloader_support/libbootloader_support.a(bootloader_flash.o)
 .bss.FlashIsOnGoing
                0x000000003ffe8401        0x1 /home/matthieu/esp8266/ESP8266_RTOS_SDK/examples/peripherals/ESP8266-EPAPER-Lib/build/bootloader/spi_flash/libspi_flash.a(spi_flash.o)
                0x000000003ffe8401                FlashIsOnGoing
 *(.gnu.linkonce.b.*)
 *(COMMON)
                0x000000003ffe8408                . = ALIGN (0x8)
 *fill*         0x000000003ffe8402        0x6 
                0x000000003ffe8408                _bss_end = ABSOLUTE (.)

.data           0x000000003ffe8408       0x18
                0x000000003ffe8408                _data_start = ABSOLUTE (.)
 *(.data)
 *(.data.*)
 .data.g_rom_flashchip
                0x000000003ffe8408       0x18 /home/matthieu/esp8266/ESP8266_RTOS_SDK/examples/peripherals/ESP8266-EPAPER-Lib/build/bootloader/spi_flash/libspi_flash.a(spi_flash.o)
                0x000000003ffe8408                g_rom_flashchip
 *(.gnu.linkonce.d.*)
 *(.data1)
 *(.sdata)
 *(.sdata.*)
 *(.gnu.linkonce.s.*)
 *(.sdata2)
 *(.sdata2.*)
 *(.gnu.linkonce.s2.*)
 *(.jcr)
                0x000000003ffe8420                _data_end = ABSOLUTE (.)

.rodata         0x000000003ffe8420      0xcf8
                0x000000003ffe8420                _rodata_start = ABSOLUTE (.)
 *(.rodata)
 *(.rodata.*)
 .rodata.select_image.str1.4
                0x000000003ffe8420       0x21 /home/matthieu/esp8266/ESP8266_RTOS_SDK/examples/peripherals/ESP8266-EPAPER-Lib/build/bootloader/main/libmain.a(bootloader_start.o)
 *fill*         0x000000003ffe8441        0x3 
 .rodata.print_flash_info.str1.4
                0x000000003ffe8444       0x88 /home/matthieu/esp8266/ESP8266_RTOS_SDK/examples/peripherals/ESP8266-EPAPER-Lib/build/bootloader/bootloader_support/libbootloader_support.a(bootloader_init.o)
                                         0x94 (size before relaxing)
 .rodata.print_flash_info
                0x000000003ffe84cc       0x28 /home/matthieu/esp8266/ESP8266_RTOS_SDK/examples/peripherals/ESP8266-EPAPER-Lib/build/bootloader/bootloader_support/libbootloader_support.a(bootloader_init.o)
 .rodata.bootloader_main.str1.4
                0x000000003ffe84f4       0x6a /home/matthieu/esp8266/ESP8266_RTOS_SDK/examples/peripherals/ESP8266-EPAPER-Lib/build/bootloader/bootloader_support/libbootloader_support.a(bootloader_init.o)
 *fill*         0x000000003ffe855e        0x2 
 .rodata.log_invalid_app_partition.str1.4
                0x000000003ffe8560       0x68 /home/matthieu/esp8266/ESP8266_RTOS_SDK/examples/peripherals/ESP8266-EPAPER-Lib/build/bootloader/bootloader_support/libbootloader_support.a(bootloader_utility.o)
                                         0x70 (size before relaxing)
 .rodata.try_load_partition.str1.4
                0x000000003ffe85c8       0x29 /home/matthieu/esp8266/ESP8266_RTOS_SDK/examples/peripherals/ESP8266-EPAPER-Lib/build/bootloader/bootloader_support/libbootloader_support.a(bootloader_utility.o)
 *fill*         0x000000003ffe85f1        0x3 
 .rodata.bootloader_utility_load_partition_table.str1.4
                0x000000003ffe85f4      0x137 /home/matthieu/esp8266/ESP8266_RTOS_SDK/examples/peripherals/ESP8266-EPAPER-Lib/build/bootloader/bootloader_support/libbootloader_support.a(bootloader_utility.o)
 *fill*         0x000000003ffe872b        0x1 
 .rodata.bootloader_utility_get_selected_boot_partition.str1.4
                0x000000003ffe872c       0xef /home/matthieu/esp8266/ESP8266_RTOS_SDK/examples/peripherals/ESP8266-EPAPER-Lib/build/bootloader/bootloader_support/libbootloader_support.a(bootloader_utility.o)
 *fill*         0x000000003ffe881b        0x1 
 .rodata.bootloader_utility_load_boot_image.str1.4
                0x000000003ffe881c       0x9a /home/matthieu/esp8266/ESP8266_RTOS_SDK/examples/peripherals/ESP8266-EPAPER-Lib/build/bootloader/bootloader_support/libbootloader_support.a(bootloader_utility.o)
 *fill*         0x000000003ffe88b6        0x2 
 .rodata.esp_partition_table_basic_verify.str1.4
                0x000000003ffe88b8       0xb4 /home/matthieu/esp8266/ESP8266_RTOS_SDK/examples/peripherals/ESP8266-EPAPER-Lib/build/bootloader/bootloader_support/libbootloader_support.a(flash_partitions.o)
 .rodata.verify_image_header.str1.4
                0x000000003ffe896c       0x82 /home/matthieu/esp8266/ESP8266_RTOS_SDK/examples/peripherals/ESP8266-EPAPER-Lib/build/bootloader/bootloader_support/libbootloader_support.a(esp_image_format.o)
 *fill*         0x000000003ffe89ee        0x2 
 .rodata.process_segment_data.str1.4
                0x000000003ffe89f0       0x27 /home/matthieu/esp8266/ESP8266_RTOS_SDK/examples/peripherals/ESP8266-EPAPER-Lib/build/bootloader/bootloader_support/libbootloader_support.a(esp_image_format.o)
 *fill*         0x000000003ffe8a17        0x1 
 .rodata.verify_checksum.str1.4
                0x000000003ffe8a18       0x57 /home/matthieu/esp8266/ESP8266_RTOS_SDK/examples/peripherals/ESP8266-EPAPER-Lib/build/bootloader/bootloader_support/libbootloader_support.a(esp_image_format.o)
 *fill*         0x000000003ffe8a6f        0x1 
 .rodata.process_segment.str1.4
                0x000000003ffe8a70       0x8f /home/matthieu/esp8266/ESP8266_RTOS_SDK/examples/peripherals/ESP8266-EPAPER-Lib/build/bootloader/bootloader_support/libbootloader_support.a(esp_image_format.o)
                                         0x93 (size before relaxing)
 *fill*         0x000000003ffe8aff        0x1 
 .rodata.esp_image_load.str1.4
                0x000000003ffe8b00       0xaf /home/matthieu/esp8266/ESP8266_RTOS_SDK/examples/peripherals/ESP8266-EPAPER-Lib/build/bootloader/bootloader_support/libbootloader_support.a(esp_image_format.o)
 *fill*         0x000000003ffe8baf        0x1 
 .rodata.bootloader_mmap.str1.4
                0x000000003ffe8bb0       0x57 /home/matthieu/esp8266/ESP8266_RTOS_SDK/examples/peripherals/ESP8266-EPAPER-Lib/build/bootloader/bootloader_support/libbootloader_support.a(bootloader_flash.o)
 *fill*         0x000000003ffe8c07        0x1 
 .rodata.bootloader_flash_read.str1.4
                0x000000003ffe8c08       0x9f /home/matthieu/esp8266/ESP8266_RTOS_SDK/examples/peripherals/ESP8266-EPAPER-Lib/build/bootloader/bootloader_support/libbootloader_support.a(bootloader_flash.o)
 *fill*         0x000000003ffe8ca7        0x1 
 .rodata.esp_spi_flash_init.str1.4
                0x000000003ffe8ca8       0x29 /home/matthieu/esp8266/ESP8266_RTOS_SDK/examples/peripherals/ESP8266-EPAPER-Lib/build/bootloader/spi_flash/libspi_flash.a(spi_flash.o)
 *fill*         0x000000003ffe8cd1        0x3 
 .rodata.str1.4
                0x000000003ffe8cd4       0x24 /home/matthieu/esp8266/ESP8266_RTOS_SDK/examples/peripherals/ESP8266-EPAPER-Lib/build/bootloader/log/liblog.a(log.o)
                                         0x22 (size before relaxing)
 .rodata.s_log_prefix
                0x000000003ffe8cf8        0x6 /home/matthieu/esp8266/ESP8266_RTOS_SDK/examples/peripherals/ESP8266-EPAPER-Lib/build/bootloader/log/liblog.a(log.o)
 *fill*         0x000000003ffe8cfe        0x2 
 .rodata.s_log_color
                0x000000003ffe8d00       0x18 /home/matthieu/esp8266/ESP8266_RTOS_SDK/examples/peripherals/ESP8266-EPAPER-Lib/build/bootloader/log/liblog.a(log.o)
 .rodata.crc32_le_table
                0x000000003ffe8d18      0x400 /home/matthieu/esp8266/ESP8266_RTOS_SDK/examples/peripherals/ESP8266-EPAPER-Lib/build/bootloader/esp8266/libesp8266.a(crc.o)
 *(.gnu.linkonce.r.*)
 *(.rodata1)
                0x000000003ffe9118                __XT_EXCEPTION_TABLE_ = ABSOLUTE (.)
 *(.xt_except_table)
 *(.gcc_except_table)
 *(.gnu.linkonce.e.*)
 *(.gnu.version_r)
 *(.eh_frame)
                0x000000003ffe9118                . = ((. + 0x3) & 0xfffffffffffffffc)
                0x000000003ffe9118                __init_array_start = ABSOLUTE (.)
 *crtbegin.o(.ctors)
 *(EXCLUDE_FILE(*crtend.o) .ctors)
 *(SORT_BY_NAME(.ctors.*))
 *(.ctors)
                0x000000003ffe9118                __init_array_end = ABSOLUTE (.)
 *crtbegin.o(.dtors)
 *(EXCLUDE_FILE(*crtend.o) .dtors)
 *(SORT_BY_NAME(.dtors.*))
 *(.dtors)
                0x000000003ffe9118                __XT_EXCEPTION_DESCS_ = ABSOLUTE (.)
 *(.xt_except_desc)
 *(.gnu.linkonce.h.*)
                0x000000003ffe9118                __XT_EXCEPTION_DESCS_END__ = ABSOLUTE (.)
 *(.xt_except_desc_end)
 *(.dynamic)
 *(.gnu.version_d)
                0x000000003ffe9118                _rodata_end = ABSOLUTE (.)
                0x000000003ffe9118                _lit4_start = ABSOLUTE (.)
 *(*.lit4)
 *(.lit4.*)
 *(.gnu.linkonce.lit4.*)
                0x000000003ffe9118                _lit4_end = ABSOLUTE (.)
                0x000000003ffe9118                . = ALIGN (0x4)
                0x000000003ffe9118                _heap_start = ABSOLUTE (.)
                0x0000000060001100                PROVIDE (rtc_sys_info = 0x60001100)
                0x00000000400040c0                PROVIDE (SPI_sector_erase = 0x400040c0)
                0x0000000040004174                PROVIDE (SPI_page_program = 0x40004174)
                0x00000000400042ac                PROVIDE (SPI_read_data = 0x400042ac)
                0x00000000400043c8                PROVIDE (SPI_read_status = 0x400043c8)
                0x0000000040004400                PROVIDE (SPI_write_status = 0x40004400)
                0x000000004000443c                PROVIDE (SPI_write_enable = 0x4000443c)
                0x000000004000448c                PROVIDE (Wait_SPI_Idle = 0x4000448c)
                0x00000000400044c0                PROVIDE (Enable_QMode = 0x400044c0)
                [!provide]                        PROVIDE (Disable_QMode = 0x40004508)
                0x0000000040004678                PROVIDE (Cache_Read_Enable = 0x40004678)
                0x00000000400047f0                PROVIDE (Cache_Read_Disable = 0x400047f0)
                [!provide]                        PROVIDE (lldesc_build_chain = 0x40004f40)
                [!provide]                        PROVIDE (lldesc_num2link = 0x40005050)
                [!provide]                        PROVIDE (lldesc_set_owner = 0x4000507c)
                0x000000004000c538                __adddf3 = 0x4000c538
                0x000000004000c180                __addsf3 = 0x4000c180
                0x000000004000cb94                __divdf3 = 0x4000cb94
                0x000000004000ce60                __divdi3 = 0x4000ce60
                0x000000004000dc88                __divsi3 = 0x4000dc88
                0x000000004000cdfc                __extendsfdf2 = 0x4000cdfc
                0x000000004000ccb8                __fixdfsi = 0x4000ccb8
                0x000000004000cd00                __fixunsdfsi = 0x4000cd00
                0x000000004000c4c4                __fixunssfsi = 0x4000c4c4
                0x000000004000e2f0                __floatsidf = 0x4000e2f0
                0x000000004000e2ac                __floatsisf = 0x4000e2ac
                0x000000004000e2e8                __floatunsidf = 0x4000e2e8
                0x000000004000e2a4                __floatunsisf = 0x4000e2a4
                0x000000004000c8f0                __muldf3 = 0x4000c8f0
                0x0000000040000650                __muldi3 = 0x40000650
                0x000000004000c3dc                __mulsf3 = 0x4000c3dc
                0x000000004000c688                __subdf3 = 0x4000c688
                0x000000004000c268                __subsf3 = 0x4000c268
                0x000000004000cd5c                __truncdfsf2 = 0x4000cd5c
                0x000000004000d310                __udivdi3 = 0x4000d310
                0x000000004000e21c                __udivsi3 = 0x4000e21c
                0x000000004000d770                __umoddi3 = 0x4000d770
                0x000000004000e268                __umodsi3 = 0x4000e268
                0x000000004000dcf0                __umulsidi3 = 0x4000dcf0
                0x000000004000de84                bzero = 0x4000de84
                0x000000004000dea8                memcmp = 0x4000dea8
                0x000000004000df48                memcpy = 0x4000df48
                0x000000004000e04c                memmove = 0x4000e04c
                0x000000004000e190                memset = 0x4000e190
                0x000000004000bdc8                strcmp = 0x4000bdc8
                0x000000004000bec8                strcpy = 0x4000bec8
                0x000000004000bf4c                strlen = 0x4000bf4c
                0x000000004000bfa8                strncmp = 0x4000bfa8
                0x000000004000c0a0                strncpy = 0x4000c0a0
                0x000000004000e1e0                strstr = 0x4000e1e0
                0x0000000040004cf0                PROVIDE (gpio_input_get = 0x40004cf0)
                [!provide]                        PROVIDE (gpio_pin_wakeup_disable = 0x40004ed4)
                [!provide]                        PROVIDE (gpio_pin_wakeup_enable = 0x40004e90)
                0x0000000040001f00                PROVIDE (ets_io_vprintf = 0x40001f00)
                [!provide]                        PROVIDE (uart_rx_one_char = 0x40003b8c)
                [!provide]                        PROVIDE (rom_i2c_readReg = 0x40007268)
                [!provide]                        PROVIDE (rom_i2c_readReg_Mask = 0x4000729c)
                [!provide]                        PROVIDE (rom_i2c_writeReg = 0x400072d8)
                [!provide]                        PROVIDE (rom_i2c_writeReg_Mask = 0x4000730c)
                [!provide]                        PROVIDE (rom_software_reboot = 0x40000080)
                [!provide]                        PROVIDE (ets_memcpy = 0x400018b4)
                0x0000000040004b1c                PROVIDE (SPIRead = 0x40004b1c)
                0x0000000040004a4c                PROVIDE (SPIWrite = 0x40004a4c)
                0x0000000040004a00                PROVIDE (SPIEraseSector = 0x40004a00)
                [!provide]                        PROVIDE (gpio_input_get = 0x40004cf0)
                [!provide]                        PROVIDE (xthal_get_ccount = 0x4000dd38)
                [!provide]                        PROVIDE (uart_div_modify = 0x400039d8)
                [!provide]                        PROVIDE (ets_io_vprintf = 0x40001f00)
OUTPUT(/home/matthieu/esp8266/ESP8266_RTOS_SDK/examples/peripherals/ESP8266-EPAPER-Lib/build/bootloader/bootloader.elf elf32-xtensa-le)

.debug_frame    0x0000000000000000      0xae0
 .debug_frame   0x0000000000000000       0x74 /home/matthieu/esp8266/ESP8266_RTOS_SDK/examples/peripherals/ESP8266-EPAPER-Lib/build/bootloader/main/libmain.a(bootloader_start.o)
 .debug_frame   0x0000000000000074       0x94 /home/matthieu/esp8266/ESP8266_RTOS_SDK/examples/peripherals/ESP8266-EPAPER-Lib/build/bootloader/bootloader_support/libbootloader_support.a(bootloader_init.o)
 .debug_frame   0x0000000000000108      0x140 /home/matthieu/esp8266/ESP8266_RTOS_SDK/examples/peripherals/ESP8266-EPAPER-Lib/build/bootloader/bootloader_support/libbootloader_support.a(bootloader_utility.o)
 .debug_frame   0x0000000000000248       0x74 /home/matthieu/esp8266/ESP8266_RTOS_SDK/examples/peripherals/ESP8266-EPAPER-Lib/build/bootloader/bootloader_support/libbootloader_support.a(bootloader_common.o)
 .debug_frame   0x00000000000002bc       0x38 /home/matthieu/esp8266/ESP8266_RTOS_SDK/examples/peripherals/ESP8266-EPAPER-Lib/build/bootloader/bootloader_support/libbootloader_support.a(flash_partitions.o)
 .debug_frame   0x00000000000002f4      0x13c /home/matthieu/esp8266/ESP8266_RTOS_SDK/examples/peripherals/ESP8266-EPAPER-Lib/build/bootloader/bootloader_support/libbootloader_support.a(esp_image_format.o)
 .debug_frame   0x0000000000000430       0xdc /home/matthieu/esp8266/ESP8266_RTOS_SDK/examples/peripherals/ESP8266-EPAPER-Lib/build/bootloader/bootloader_support/libbootloader_support.a(bootloader_flash.o)
 .debug_frame   0x000000000000050c      0x350 /home/matthieu/esp8266/ESP8266_RTOS_SDK/examples/peripherals/ESP8266-EPAPER-Lib/build/bootloader/spi_flash/libspi_flash.a(spi_flash.o)
 .debug_frame   0x000000000000085c      0x16c /home/matthieu/esp8266/ESP8266_RTOS_SDK/examples/peripherals/ESP8266-EPAPER-Lib/build/bootloader/spi_flash/libspi_flash.a(spi_flash_raw.o)
 .debug_frame   0x00000000000009c8       0x58 /home/matthieu/esp8266/ESP8266_RTOS_SDK/examples/peripherals/ESP8266-EPAPER-Lib/build/bootloader/log/liblog.a(log.o)
 .debug_frame   0x0000000000000a20       0x80 /home/matthieu/esp8266/ESP8266_RTOS_SDK/examples/peripherals/ESP8266-EPAPER-Lib/build/bootloader/esp8266/libesp8266.a(ets_printf.o)
 .debug_frame   0x0000000000000aa0       0x40 /home/matthieu/esp8266/ESP8266_RTOS_SDK/examples/peripherals/ESP8266-EPAPER-Lib/build/bootloader/esp8266/libesp8266.a(crc.o)

.debug_info     0x0000000000000000     0xc69a
 .debug_info    0x0000000000000000      0xd7f /home/matthieu/esp8266/ESP8266_RTOS_SDK/examples/peripherals/ESP8266-EPAPER-Lib/build/bootloader/main/libmain.a(bootloader_start.o)
 .debug_info    0x0000000000000d7f      0xe02 /home/matthieu/esp8266/ESP8266_RTOS_SDK/examples/peripherals/ESP8266-EPAPER-Lib/build/bootloader/bootloader_support/libbootloader_support.a(bootloader_init.o)
 .debug_info    0x0000000000001b81     0x178d /home/matthieu/esp8266/ESP8266_RTOS_SDK/examples/peripherals/ESP8266-EPAPER-Lib/build/bootloader/bootloader_support/libbootloader_support.a(bootloader_utility.o)
 .debug_info    0x000000000000330e     0x12b3 /home/matthieu/esp8266/ESP8266_RTOS_SDK/examples/peripherals/ESP8266-EPAPER-Lib/build/bootloader/bootloader_support/libbootloader_support.a(bootloader_common.o)
 .debug_info    0x00000000000045c1      0xca5 /home/matthieu/esp8266/ESP8266_RTOS_SDK/examples/peripherals/ESP8266-EPAPER-Lib/build/bootloader/bootloader_support/libbootloader_support.a(flash_partitions.o)
 .debug_info    0x0000000000005266     0x16ca /home/matthieu/esp8266/ESP8266_RTOS_SDK/examples/peripherals/ESP8266-EPAPER-Lib/build/bootloader/bootloader_support/libbootloader_support.a(esp_image_format.o)
 .debug_info    0x0000000000006930      0xe3a /home/matthieu/esp8266/ESP8266_RTOS_SDK/examples/peripherals/ESP8266-EPAPER-Lib/build/bootloader/bootloader_support/libbootloader_support.a(bootloader_flash.o)
 .debug_info    0x000000000000776a     0x1e00 /home/matthieu/esp8266/ESP8266_RTOS_SDK/examples/peripherals/ESP8266-EPAPER-Lib/build/bootloader/spi_flash/libspi_flash.a(spi_flash.o)
 .debug_info    0x000000000000956a     0x10c9 /home/matthieu/esp8266/ESP8266_RTOS_SDK/examples/peripherals/ESP8266-EPAPER-Lib/build/bootloader/spi_flash/libspi_flash.a(spi_flash_raw.o)
 .debug_info    0x000000000000a633     0x12ba /home/matthieu/esp8266/ESP8266_RTOS_SDK/examples/peripherals/ESP8266-EPAPER-Lib/build/bootloader/log/liblog.a(log.o)
 .debug_info    0x000000000000b8ed      0xb66 /home/matthieu/esp8266/ESP8266_RTOS_SDK/examples/peripherals/ESP8266-EPAPER-Lib/build/bootloader/esp8266/libesp8266.a(ets_printf.o)
 .debug_info    0x000000000000c453      0x247 /home/matthieu/esp8266/ESP8266_RTOS_SDK/examples/peripherals/ESP8266-EPAPER-Lib/build/bootloader/esp8266/libesp8266.a(crc.o)

.debug_abbrev   0x0000000000000000     0x216f
 .debug_abbrev  0x0000000000000000      0x2a2 /home/matthieu/esp8266/ESP8266_RTOS_SDK/examples/peripherals/ESP8266-EPAPER-Lib/build/bootloader/main/libmain.a(bootloader_start.o)
 .debug_abbrev  0x00000000000002a2      0x2f2 /home/matthieu/esp8266/ESP8266_RTOS_SDK/examples/peripherals/ESP8266-EPAPER-Lib/build/bootloader/bootloader_support/libbootloader_support.a(bootloader_init.o)
 .debug_abbrev  0x0000000000000594      0x355 /home/matthieu/esp8266/ESP8266_RTOS_SDK/examples/peripherals/ESP8266-EPAPER-Lib/build/bootloader/bootloader_support/libbootloader_support.a(bootloader_utility.o)
 .debug_abbrev  0x00000000000008e9      0x2c7 /home/matthieu/esp8266/ESP8266_RTOS_SDK/examples/peripherals/ESP8266-EPAPER-Lib/build/bootloader/bootloader_support/libbootloader_support.a(bootloader_common.o)
 .debug_abbrev  0x0000000000000bb0      0x271 /home/matthieu/esp8266/ESP8266_RTOS_SDK/examples/peripherals/ESP8266-EPAPER-Lib/build/bootloader/bootloader_support/libbootloader_support.a(flash_partitions.o)
 .debug_abbrev  0x0000000000000e21      0x316 /home/matthieu/esp8266/ESP8266_RTOS_SDK/examples/peripherals/ESP8266-EPAPER-Lib/build/bootloader/bootloader_support/libbootloader_support.a(esp_image_format.o)
 .debug_abbrev  0x0000000000001137      0x2aa /home/matthieu/esp8266/ESP8266_RTOS_SDK/examples/peripherals/ESP8266-EPAPER-Lib/build/bootloader/bootloader_support/libbootloader_support.a(bootloader_flash.o)
 .debug_abbrev  0x00000000000013e1      0x45b /home/matthieu/esp8266/ESP8266_RTOS_SDK/examples/peripherals/ESP8266-EPAPER-Lib/build/bootloader/spi_flash/libspi_flash.a(spi_flash.o)
 .debug_abbrev  0x000000000000183c      0x29d /home/matthieu/esp8266/ESP8266_RTOS_SDK/examples/peripherals/ESP8266-EPAPER-Lib/build/bootloader/spi_flash/libspi_flash.a(spi_flash_raw.o)
 .debug_abbrev  0x0000000000001ad9      0x315 /home/matthieu/esp8266/ESP8266_RTOS_SDK/examples/peripherals/ESP8266-EPAPER-Lib/build/bootloader/log/liblog.a(log.o)
 .debug_abbrev  0x0000000000001dee      0x2a2 /home/matthieu/esp8266/ESP8266_RTOS_SDK/examples/peripherals/ESP8266-EPAPER-Lib/build/bootloader/esp8266/libesp8266.a(ets_printf.o)
 .debug_abbrev  0x0000000000002090       0xdf /home/matthieu/esp8266/ESP8266_RTOS_SDK/examples/peripherals/ESP8266-EPAPER-Lib/build/bootloader/esp8266/libesp8266.a(crc.o)

.debug_loc      0x0000000000000000     0x368e
 .debug_loc     0x0000000000000000       0x9b /home/matthieu/esp8266/ESP8266_RTOS_SDK/examples/peripherals/ESP8266-EPAPER-Lib/build/bootloader/main/libmain.a(bootloader_start.o)
 .debug_loc     0x000000000000009b       0xbc /home/matthieu/esp8266/ESP8266_RTOS_SDK/examples/peripherals/ESP8266-EPAPER-Lib/build/bootloader/bootloader_support/libbootloader_support.a(bootloader_init.o)
 .debug_loc     0x0000000000000157      0x717 /home/matthieu/esp8266/ESP8266_RTOS_SDK/examples/peripherals/ESP8266-EPAPER-Lib/build/bootloader/bootloader_support/libbootloader_support.a(bootloader_utility.o)
 .debug_loc     0x000000000000086e      0x18f /home/matthieu/esp8266/ESP8266_RTOS_SDK/examples/peripherals/ESP8266-EPAPER-Lib/build/bootloader/bootloader_support/libbootloader_support.a(bootloader_common.o)
 .debug_loc     0x00000000000009fd      0x11a /home/matthieu/esp8266/ESP8266_RTOS_SDK/examples/peripherals/ESP8266-EPAPER-Lib/build/bootloader/bootloader_support/libbootloader_support.a(flash_partitions.o)
 .debug_loc     0x0000000000000b17      0xb53 /home/matthieu/esp8266/ESP8266_RTOS_SDK/examples/peripherals/ESP8266-EPAPER-Lib/build/bootloader/bootloader_support/libbootloader_support.a(esp_image_format.o)
 .debug_loc     0x000000000000166a      0x427 /home/matthieu/esp8266/ESP8266_RTOS_SDK/examples/peripherals/ESP8266-EPAPER-Lib/build/bootloader/bootloader_support/libbootloader_support.a(bootloader_flash.o)
 .debug_loc     0x0000000000001a91     0x11dd /home/matthieu/esp8266/ESP8266_RTOS_SDK/examples/peripherals/ESP8266-EPAPER-Lib/build/bootloader/spi_flash/libspi_flash.a(spi_flash.o)
 .debug_loc     0x0000000000002c6e      0x668 /home/matthieu/esp8266/ESP8266_RTOS_SDK/examples/peripherals/ESP8266-EPAPER-Lib/build/bootloader/spi_flash/libspi_flash.a(spi_flash_raw.o)
 .debug_loc     0x00000000000032d6      0x119 /home/matthieu/esp8266/ESP8266_RTOS_SDK/examples/peripherals/ESP8266-EPAPER-Lib/build/bootloader/log/liblog.a(log.o)
 .debug_loc     0x00000000000033ef       0xe9 /home/matthieu/esp8266/ESP8266_RTOS_SDK/examples/peripherals/ESP8266-EPAPER-Lib/build/bootloader/esp8266/libesp8266.a(ets_printf.o)
 .debug_loc     0x00000000000034d8      0x1b6 /home/matthieu/esp8266/ESP8266_RTOS_SDK/examples/peripherals/ESP8266-EPAPER-Lib/build/bootloader/esp8266/libesp8266.a(crc.o)

.debug_aranges  0x0000000000000000      0x3a8
 .debug_aranges
                0x0000000000000000       0x30 /home/matthieu/esp8266/ESP8266_RTOS_SDK/examples/peripherals/ESP8266-EPAPER-Lib/build/bootloader/main/libmain.a(bootloader_start.o)
 .debug_aranges
                0x0000000000000030       0x38 /home/matthieu/esp8266/ESP8266_RTOS_SDK/examples/peripherals/ESP8266-EPAPER-Lib/build/bootloader/bootloader_support/libbootloader_support.a(bootloader_init.o)
 .debug_aranges
                0x0000000000000068       0x60 /home/matthieu/esp8266/ESP8266_RTOS_SDK/examples/peripherals/ESP8266-EPAPER-Lib/build/bootloader/bootloader_support/libbootloader_support.a(bootloader_utility.o)
 .debug_aranges
                0x00000000000000c8       0x30 /home/matthieu/esp8266/ESP8266_RTOS_SDK/examples/peripherals/ESP8266-EPAPER-Lib/build/bootloader/bootloader_support/libbootloader_support.a(bootloader_common.o)
 .debug_aranges
                0x00000000000000f8       0x20 /home/matthieu/esp8266/ESP8266_RTOS_SDK/examples/peripherals/ESP8266-EPAPER-Lib/build/bootloader/bootloader_support/libbootloader_support.a(flash_partitions.o)
 .debug_aranges
                0x0000000000000118       0x60 /home/matthieu/esp8266/ESP8266_RTOS_SDK/examples/peripherals/ESP8266-EPAPER-Lib/build/bootloader/bootloader_support/libbootloader_support.a(esp_image_format.o)
 .debug_aranges
                0x0000000000000178       0x48 /home/matthieu/esp8266/ESP8266_RTOS_SDK/examples/peripherals/ESP8266-EPAPER-Lib/build/bootloader/bootloader_support/libbootloader_support.a(bootloader_flash.o)
 .debug_aranges
                0x00000000000001c0       0xe8 /home/matthieu/esp8266/ESP8266_RTOS_SDK/examples/peripherals/ESP8266-EPAPER-Lib/build/bootloader/spi_flash/libspi_flash.a(spi_flash.o)
 .debug_aranges
                0x00000000000002a8       0x70 /home/matthieu/esp8266/ESP8266_RTOS_SDK/examples/peripherals/ESP8266-EPAPER-Lib/build/bootloader/spi_flash/libspi_flash.a(spi_flash_raw.o)
 .debug_aranges
                0x0000000000000318       0x28 /home/matthieu/esp8266/ESP8266_RTOS_SDK/examples/peripherals/ESP8266-EPAPER-Lib/build/bootloader/log/liblog.a(log.o)
 .debug_aranges
                0x0000000000000340       0x38 /home/matthieu/esp8266/ESP8266_RTOS_SDK/examples/peripherals/ESP8266-EPAPER-Lib/build/bootloader/esp8266/libesp8266.a(ets_printf.o)
 .debug_aranges
                0x0000000000000378       0x30 /home/matthieu/esp8266/ESP8266_RTOS_SDK/examples/peripherals/ESP8266-EPAPER-Lib/build/bootloader/esp8266/libesp8266.a(crc.o)

.debug_ranges   0x0000000000000000      0x318
 .debug_ranges  0x0000000000000000       0x20 /home/matthieu/esp8266/ESP8266_RTOS_SDK/examples/peripherals/ESP8266-EPAPER-Lib/build/bootloader/main/libmain.a(bootloader_start.o)
 .debug_ranges  0x0000000000000020       0x28 /home/matthieu/esp8266/ESP8266_RTOS_SDK/examples/peripherals/ESP8266-EPAPER-Lib/build/bootloader/bootloader_support/libbootloader_support.a(bootloader_init.o)
 .debug_ranges  0x0000000000000048       0x50 /home/matthieu/esp8266/ESP8266_RTOS_SDK/examples/peripherals/ESP8266-EPAPER-Lib/build/bootloader/bootloader_support/libbootloader_support.a(bootloader_utility.o)
 .debug_ranges  0x0000000000000098       0x20 /home/matthieu/esp8266/ESP8266_RTOS_SDK/examples/peripherals/ESP8266-EPAPER-Lib/build/bootloader/bootloader_support/libbootloader_support.a(bootloader_common.o)
 .debug_ranges  0x00000000000000b8       0x10 /home/matthieu/esp8266/ESP8266_RTOS_SDK/examples/peripherals/ESP8266-EPAPER-Lib/build/bootloader/bootloader_support/libbootloader_support.a(flash_partitions.o)
 .debug_ranges  0x00000000000000c8       0x68 /home/matthieu/esp8266/ESP8266_RTOS_SDK/examples/peripherals/ESP8266-EPAPER-Lib/build/bootloader/bootloader_support/libbootloader_support.a(esp_image_format.o)
 .debug_ranges  0x0000000000000130       0x38 /home/matthieu/esp8266/ESP8266_RTOS_SDK/examples/peripherals/ESP8266-EPAPER-Lib/build/bootloader/bootloader_support/libbootloader_support.a(bootloader_flash.o)
 .debug_ranges  0x0000000000000168       0xf0 /home/matthieu/esp8266/ESP8266_RTOS_SDK/examples/peripherals/ESP8266-EPAPER-Lib/build/bootloader/spi_flash/libspi_flash.a(spi_flash.o)
 .debug_ranges  0x0000000000000258       0x60 /home/matthieu/esp8266/ESP8266_RTOS_SDK/examples/peripherals/ESP8266-EPAPER-Lib/build/bootloader/spi_flash/libspi_flash.a(spi_flash_raw.o)
 .debug_ranges  0x00000000000002b8       0x18 /home/matthieu/esp8266/ESP8266_RTOS_SDK/examples/peripherals/ESP8266-EPAPER-Lib/build/bootloader/log/liblog.a(log.o)
 .debug_ranges  0x00000000000002d0       0x28 /home/matthieu/esp8266/ESP8266_RTOS_SDK/examples/peripherals/ESP8266-EPAPER-Lib/build/bootloader/esp8266/libesp8266.a(ets_printf.o)
 .debug_ranges  0x00000000000002f8       0x20 /home/matthieu/esp8266/ESP8266_RTOS_SDK/examples/peripherals/ESP8266-EPAPER-Lib/build/bootloader/esp8266/libesp8266.a(crc.o)

.debug_line     0x0000000000000000     0x84ae
 .debug_line    0x0000000000000000      0x5ad /home/matthieu/esp8266/ESP8266_RTOS_SDK/examples/peripherals/ESP8266-EPAPER-Lib/build/bootloader/main/libmain.a(bootloader_start.o)
 .debug_line    0x00000000000005ad      0x80e /home/matthieu/esp8266/ESP8266_RTOS_SDK/examples/peripherals/ESP8266-EPAPER-Lib/build/bootloader/bootloader_support/libbootloader_support.a(bootloader_init.o)
 .debug_line    0x0000000000000dbb     0x13e2 /home/matthieu/esp8266/ESP8266_RTOS_SDK/examples/peripherals/ESP8266-EPAPER-Lib/build/bootloader/bootloader_support/libbootloader_support.a(bootloader_utility.o)
 .debug_line    0x000000000000219d      0x66f /home/matthieu/esp8266/ESP8266_RTOS_SDK/examples/peripherals/ESP8266-EPAPER-Lib/build/bootloader/bootloader_support/libbootloader_support.a(bootloader_common.o)
 .debug_line    0x000000000000280c      0x688 /home/matthieu/esp8266/ESP8266_RTOS_SDK/examples/peripherals/ESP8266-EPAPER-Lib/build/bootloader/bootloader_support/libbootloader_support.a(flash_partitions.o)
 .debug_line    0x0000000000002e94     0x12dd /home/matthieu/esp8266/ESP8266_RTOS_SDK/examples/peripherals/ESP8266-EPAPER-Lib/build/bootloader/bootloader_support/libbootloader_support.a(esp_image_format.o)
 .debug_line    0x0000000000004171      0x8c8 /home/matthieu/esp8266/ESP8266_RTOS_SDK/examples/peripherals/ESP8266-EPAPER-Lib/build/bootloader/bootloader_support/libbootloader_support.a(bootloader_flash.o)
 .debug_line    0x0000000000004a39     0x1f8e /home/matthieu/esp8266/ESP8266_RTOS_SDK/examples/peripherals/ESP8266-EPAPER-Lib/build/bootloader/spi_flash/libspi_flash.a(spi_flash.o)
 .debug_line    0x00000000000069c7      0xc5b /home/matthieu/esp8266/ESP8266_RTOS_SDK/examples/peripherals/ESP8266-EPAPER-Lib/build/bootloader/spi_flash/libspi_flash.a(spi_flash_raw.o)
 .debug_line    0x0000000000007622      0x5fb /home/matthieu/esp8266/ESP8266_RTOS_SDK/examples/peripherals/ESP8266-EPAPER-Lib/build/bootloader/log/liblog.a(log.o)
 .debug_line    0x0000000000007c1d      0x4bc /home/matthieu/esp8266/ESP8266_RTOS_SDK/examples/peripherals/ESP8266-EPAPER-Lib/build/bootloader/esp8266/libesp8266.a(ets_printf.o)
 .debug_line    0x00000000000080d9      0x3d5 /home/matthieu/esp8266/ESP8266_RTOS_SDK/examples/peripherals/ESP8266-EPAPER-Lib/build/bootloader/esp8266/libesp8266.a(crc.o)

.debug_str      0x0000000000000000     0x2684
 .debug_str     0x0000000000000000      0x85c /home/matthieu/esp8266/ESP8266_RTOS_SDK/examples/peripherals/ESP8266-EPAPER-Lib/build/bootloader/main/libmain.a(bootloader_start.o)
                                        0x931 (size before relaxing)
 .debug_str     0x000000000000085c      0x38f /home/matthieu/esp8266/ESP8266_RTOS_SDK/examples/peripherals/ESP8266-EPAPER-Lib/build/bootloader/bootloader_support/libbootloader_support.a(bootloader_init.o)
                                        0xa58 (size before relaxing)
 .debug_str     0x0000000000000beb      0x2ec /home/matthieu/esp8266/ESP8266_RTOS_SDK/examples/peripherals/ESP8266-EPAPER-Lib/build/bootloader/bootloader_support/libbootloader_support.a(bootloader_utility.o)
                                        0xbe6 (size before relaxing)
 .debug_str     0x0000000000000ed7      0xabf /home/matthieu/esp8266/ESP8266_RTOS_SDK/examples/peripherals/ESP8266-EPAPER-Lib/build/bootloader/bootloader_support/libbootloader_support.a(bootloader_common.o)
                                       0x1114 (size before relaxing)
 .debug_str     0x0000000000001996       0x87 /home/matthieu/esp8266/ESP8266_RTOS_SDK/examples/peripherals/ESP8266-EPAPER-Lib/build/bootloader/bootloader_support/libbootloader_support.a(flash_partitions.o)
                                        0x802 (size before relaxing)
 .debug_str     0x0000000000001a1d      0x1d8 /home/matthieu/esp8266/ESP8266_RTOS_SDK/examples/peripherals/ESP8266-EPAPER-Lib/build/bootloader/bootloader_support/libbootloader_support.a(esp_image_format.o)
                                        0xbd4 (size before relaxing)
 .debug_str     0x0000000000001bf5      0x139 /home/matthieu/esp8266/ESP8266_RTOS_SDK/examples/peripherals/ESP8266-EPAPER-Lib/build/bootloader/bootloader_support/libbootloader_support.a(bootloader_flash.o)
                                        0x7ea (size before relaxing)
 .debug_str     0x0000000000001d2e      0x566 /home/matthieu/esp8266/ESP8266_RTOS_SDK/examples/peripherals/ESP8266-EPAPER-Lib/build/bootloader/spi_flash/libspi_flash.a(spi_flash.o)
                                        0xd6c (size before relaxing)
 .debug_str     0x0000000000002294      0x12f /home/matthieu/esp8266/ESP8266_RTOS_SDK/examples/peripherals/ESP8266-EPAPER-Lib/build/bootloader/spi_flash/libspi_flash.a(spi_flash_raw.o)
                                        0x914 (size before relaxing)
 .debug_str     0x00000000000023c3      0x158 /home/matthieu/esp8266/ESP8266_RTOS_SDK/examples/peripherals/ESP8266-EPAPER-Lib/build/bootloader/log/liblog.a(log.o)
                                       0x107d (size before relaxing)
 .debug_str     0x000000000000251b       0xe3 /home/matthieu/esp8266/ESP8266_RTOS_SDK/examples/peripherals/ESP8266-EPAPER-Lib/build/bootloader/esp8266/libesp8266.a(ets_printf.o)
                                        0x6e2 (size before relaxing)
 .debug_str     0x00000000000025fe       0x86 /home/matthieu/esp8266/ESP8266_RTOS_SDK/examples/peripherals/ESP8266-EPAPER-Lib/build/bootloader/esp8266/libesp8266.a(crc.o)
                                        0x20a (size before relaxing)

.comment        0x0000000000000000       0x31
 .comment       0x0000000000000000       0x31 /home/matthieu/esp8266/ESP8266_RTOS_SDK/examples/peripherals/ESP8266-EPAPER-Lib/build/bootloader/main/libmain.a(bootloader_start.o)
                                         0x32 (size before relaxing)
 .comment       0x0000000000000031       0x32 /home/matthieu/esp8266/ESP8266_RTOS_SDK/examples/peripherals/ESP8266-EPAPER-Lib/build/bootloader/bootloader_support/libbootloader_support.a(bootloader_init.o)
 .comment       0x0000000000000031       0x32 /home/matthieu/esp8266/ESP8266_RTOS_SDK/examples/peripherals/ESP8266-EPAPER-Lib/build/bootloader/bootloader_support/libbootloader_support.a(bootloader_utility.o)
 .comment       0x0000000000000031       0x32 /home/matthieu/esp8266/ESP8266_RTOS_SDK/examples/peripherals/ESP8266-EPAPER-Lib/build/bootloader/bootloader_support/libbootloader_support.a(bootloader_common.o)
 .comment       0x0000000000000031       0x32 /home/matthieu/esp8266/ESP8266_RTOS_SDK/examples/peripherals/ESP8266-EPAPER-Lib/build/bootloader/bootloader_support/libbootloader_support.a(flash_partitions.o)
 .comment       0x0000000000000031       0x32 /home/matthieu/esp8266/ESP8266_RTOS_SDK/examples/peripherals/ESP8266-EPAPER-Lib/build/bootloader/bootloader_support/libbootloader_support.a(esp_image_format.o)
 .comment       0x0000000000000031       0x32 /home/matthieu/esp8266/ESP8266_RTOS_SDK/examples/peripherals/ESP8266-EPAPER-Lib/build/bootloader/bootloader_support/libbootloader_support.a(bootloader_flash.o)
 .comment       0x0000000000000031       0x32 /home/matthieu/esp8266/ESP8266_RTOS_SDK/examples/peripherals/ESP8266-EPAPER-Lib/build/bootloader/spi_flash/libspi_flash.a(spi_flash.o)
 .comment       0x0000000000000031       0x32 /home/matthieu/esp8266/ESP8266_RTOS_SDK/examples/peripherals/ESP8266-EPAPER-Lib/build/bootloader/spi_flash/libspi_flash.a(spi_flash_raw.o)
 .comment       0x0000000000000031       0x32 /home/matthieu/esp8266/ESP8266_RTOS_SDK/examples/peripherals/ESP8266-EPAPER-Lib/build/bootloader/log/liblog.a(log.o)
 .comment       0x0000000000000031       0x32 /home/matthieu/esp8266/ESP8266_RTOS_SDK/examples/peripherals/ESP8266-EPAPER-Lib/build/bootloader/esp8266/libesp8266.a(ets_printf.o)
 .comment       0x0000000000000031       0x32 /home/matthieu/esp8266/ESP8266_RTOS_SDK/examples/peripherals/ESP8266-EPAPER-Lib/build/bootloader/esp8266/libesp8266.a(crc.o)
 .comment       0x0000000000000031       0x32 /home/matthieu/esp8266/ESP8266_RTOS_SDK/components/esp8266/lib/libcore.a(phy.o)

.xtensa.info    0x0000000000000000       0x38
 .xtensa.info   0x0000000000000000       0x38 /home/matthieu/esp8266/ESP8266_RTOS_SDK/examples/peripherals/ESP8266-EPAPER-Lib/build/bootloader/main/libmain.a(bootloader_start.o)
 .xtensa.info   0x0000000000000038        0x0 /home/matthieu/esp8266/ESP8266_RTOS_SDK/examples/peripherals/ESP8266-EPAPER-Lib/build/bootloader/bootloader_support/libbootloader_support.a(bootloader_init.o)
 .xtensa.info   0x0000000000000038        0x0 /home/matthieu/esp8266/ESP8266_RTOS_SDK/examples/peripherals/ESP8266-EPAPER-Lib/build/bootloader/bootloader_support/libbootloader_support.a(bootloader_utility.o)
 .xtensa.info   0x0000000000000038        0x0 /home/matthieu/esp8266/ESP8266_RTOS_SDK/examples/peripherals/ESP8266-EPAPER-Lib/build/bootloader/bootloader_support/libbootloader_support.a(bootloader_common.o)
 .xtensa.info   0x0000000000000038        0x0 /home/matthieu/esp8266/ESP8266_RTOS_SDK/examples/peripherals/ESP8266-EPAPER-Lib/build/bootloader/bootloader_support/libbootloader_support.a(flash_partitions.o)
 .xtensa.info   0x0000000000000038        0x0 /home/matthieu/esp8266/ESP8266_RTOS_SDK/examples/peripherals/ESP8266-EPAPER-Lib/build/bootloader/bootloader_support/libbootloader_support.a(esp_image_format.o)
 .xtensa.info   0x0000000000000038        0x0 /home/matthieu/esp8266/ESP8266_RTOS_SDK/examples/peripherals/ESP8266-EPAPER-Lib/build/bootloader/bootloader_support/libbootloader_support.a(bootloader_flash.o)
 .xtensa.info   0x0000000000000038        0x0 /home/matthieu/esp8266/ESP8266_RTOS_SDK/examples/peripherals/ESP8266-EPAPER-Lib/build/bootloader/spi_flash/libspi_flash.a(spi_flash.o)
 .xtensa.info   0x0000000000000038        0x0 /home/matthieu/esp8266/ESP8266_RTOS_SDK/examples/peripherals/ESP8266-EPAPER-Lib/build/bootloader/spi_flash/libspi_flash.a(spi_flash_raw.o)
 .xtensa.info   0x0000000000000038        0x0 /home/matthieu/esp8266/ESP8266_RTOS_SDK/examples/peripherals/ESP8266-EPAPER-Lib/build/bootloader/log/liblog.a(log.o)
 .xtensa.info   0x0000000000000038        0x0 /home/matthieu/esp8266/ESP8266_RTOS_SDK/examples/peripherals/ESP8266-EPAPER-Lib/build/bootloader/esp8266/libesp8266.a(ets_printf.o)
 .xtensa.info   0x0000000000000038        0x0 /home/matthieu/esp8266/ESP8266_RTOS_SDK/examples/peripherals/ESP8266-EPAPER-Lib/build/bootloader/esp8266/libesp8266.a(crc.o)
 .xtensa.info   0x0000000000000038        0x0 /home/matthieu/esp8266/ESP8266_RTOS_SDK/examples/peripherals/ESP8266-EPAPER-Lib/build/bootloader/esp8266/libesp8266.a(esp_fast_boot.o)
 .xtensa.info   0x0000000000000038        0x0 /home/matthieu/esp8266/ESP8266_RTOS_SDK/components/esp8266/lib/libcore.a(phy.o)
